// Jest Snapshot v1, https://goo.gl/fbAQLP

exports[`<CategoriesScreen /> Should have a snapshot 1`] = `
ShallowWrapper {
  "complexSelector": ComplexSelector {
    "buildPredicate": [Function],
    "childrenOfNode": [Function],
    "findWhereUnwrapped": [Function],
  },
  "length": 1,
  "node": <View>
    <FlatList
        data={
            Array [
                Object {
                  "color": "Azul",
                  "title": "Facebook",
                },
                Object {
                  "color": "Vermeio",
                  "title": "Google+",
                },
              ]
        }
        disableVirtualization={false}
        getItem={undefined}
        getItemCount={undefined}
        horizontal={false}
        initialNumToRender={10}
        keyExtractor={[Function]}
        maxToRenderPerBatch={10}
        numColumns={1}
        onEndReached={[Function]}
        onEndReachedThreshold={2}
        removeClippedSubviews={true}
        renderItem={[Function]}
        renderScrollComponent={[Function]}
        updateCellsBatchingPeriod={50}
        windowSize={21}
    />
</View>,
  "nodes": Array [
    <View>
      <FlatList
            data={
                  Array [
                        Object {
                          "color": "Azul",
                          "title": "Facebook",
                        },
                        Object {
                          "color": "Vermeio",
                          "title": "Google+",
                        },
                      ]
            }
            disableVirtualization={false}
            getItem={undefined}
            getItemCount={undefined}
            horizontal={false}
            initialNumToRender={10}
            keyExtractor={[Function]}
            maxToRenderPerBatch={10}
            numColumns={1}
            onEndReached={[Function]}
            onEndReachedThreshold={2}
            removeClippedSubviews={true}
            renderItem={[Function]}
            renderScrollComponent={[Function]}
            updateCellsBatchingPeriod={50}
            windowSize={21}
      />
</View>,
  ],
  "options": Object {},
  "renderer": ReactShallowRenderer {
    "_instance": ShallowComponentWrapper {
      "_calledComponentWillUnmount": false,
      "_compositeType": 0,
      "_context": Object {},
      "_currentElement": <CategoriesScreen
        categories={
                Array [
                        Object {
                          "color": "Azul",
                          "title": "Facebook",
                        },
                        Object {
                          "color": "Vermeio",
                          "title": "Google+",
                        },
                      ]
        }
        refreshCategories={[Function]}
/>,
      "_debugID": 1,
      "_hostContainerInfo": null,
      "_hostParent": null,
      "_instance": CategoriesScreen {
        "_reactInternalInstance": [Circular],
        "context": Object {},
        "onPressCategorie": [Function],
        "props": Object {
          "categories": Array [
            Object {
              "color": "Azul",
              "title": "Facebook",
            },
            Object {
              "color": "Vermeio",
              "title": "Google+",
            },
          ],
          "refreshCategories": [Function],
        },
        "refs": Object {},
        "renderItem": [Function],
        "state": null,
        "updater": Object {
          "enqueueCallback": [Function],
          "enqueueCallbackInternal": [Function],
          "enqueueElementInternal": [Function],
          "enqueueForceUpdate": [Function],
          "enqueueReplaceState": [Function],
          "enqueueSetState": [Function],
          "isMounted": [Function],
          "validateCallback": [Function],
        },
      },
      "_mountOrder": 1,
      "_pendingCallbacks": null,
      "_pendingElement": null,
      "_pendingForceUpdate": false,
      "_pendingReplaceState": false,
      "_pendingStateQueue": null,
      "_renderedComponent": NoopInternalComponent {
        "_currentElement": <View>
          <FlatList
                    data={
                              Array [
                                        Object {
                                          "color": "Azul",
                                          "title": "Facebook",
                                        },
                                        Object {
                                          "color": "Vermeio",
                                          "title": "Google+",
                                        },
                                      ]
                    }
                    disableVirtualization={false}
                    getItem={undefined}
                    getItemCount={undefined}
                    horizontal={false}
                    initialNumToRender={10}
                    keyExtractor={[Function]}
                    maxToRenderPerBatch={10}
                    numColumns={1}
                    onEndReached={[Function]}
                    onEndReachedThreshold={2}
                    removeClippedSubviews={true}
                    renderItem={[Function]}
                    renderScrollComponent={[Function]}
                    updateCellsBatchingPeriod={50}
                    windowSize={21}
          />
</View>,
        "_debugID": 2,
        "_renderedOutput": <View>
          <FlatList
                    data={
                              Array [
                                        Object {
                                          "color": "Azul",
                                          "title": "Facebook",
                                        },
                                        Object {
                                          "color": "Vermeio",
                                          "title": "Google+",
                                        },
                                      ]
                    }
                    disableVirtualization={false}
                    getItem={undefined}
                    getItemCount={undefined}
                    horizontal={false}
                    initialNumToRender={10}
                    keyExtractor={[Function]}
                    maxToRenderPerBatch={10}
                    numColumns={1}
                    onEndReached={[Function]}
                    onEndReachedThreshold={2}
                    removeClippedSubviews={true}
                    renderItem={[Function]}
                    renderScrollComponent={[Function]}
                    updateCellsBatchingPeriod={50}
                    windowSize={21}
          />
</View>,
      },
      "_renderedNodeType": 1,
      "_rootNodeID": 0,
      "_topLevelWrapper": null,
      "_updateBatchNumber": null,
      "_warnedAboutRefsInRender": false,
    },
    "getRenderOutput": [Function],
    "render": [Function],
  },
  "root": [Circular],
  "unrendered": <CategoriesScreen
    categories={
        Array [
            Object {
              "color": "Azul",
              "title": "Facebook",
            },
            Object {
              "color": "Vermeio",
              "title": "Google+",
            },
          ]
    }
    refreshCategories={[Function]}
/>,
}
`;
