// Jest Snapshot v1, https://goo.gl/fbAQLP

exports[`<CardHeader /> Should have a snapshot 1`] = `
ShallowWrapper {
  "complexSelector": ComplexSelector {
    "buildPredicate": [Function],
    "childrenOfNode": [Function],
    "findWhereUnwrapped": [Function],
  },
  "length": 1,
  "node": <View
    style={
        Object {
            "flex": 1,
          }
    }
>
    <Image
        resizeMethod="scale"
        resizeMode="cover"
        source={
            Object {
                "uri": "url",
              }
        }
        style={
            Object {
                "flex": 1,
                "height": 425,
              }
        }
    >
        <LinearGradient
            colors={
                Array [
                    "transparent",
                    "red",
                  ]
            }
            style={
                Object {
                    "flex": 1,
                    "paddingHorizontal": 10,
                  }
            }
        >
            <View
                style={
                    Object {
                        "flex": 1,
                        "justifyContent": "flex-end",
                      }
                }
            >
                <Text
                    accessible={true}
                    allowFontScaling={true}
                    ellipsizeMode="tail"
                    style={
                        Object {
                            "color": "#ffffff",
                            "fontSize": 27,
                            "fontWeight": "500",
                          }
                    }
                >
                    title
                </Text>
            </View>
        </LinearGradient>
        <View
            style={
                Array [
                    Object {
                      "flexDirection": "row",
                      "justifyContent": "space-around",
                      "padding": 10,
                    },
                    Object {
                      "backgroundColor": "red",
                    },
                  ]
            }
        >
            <View
                style={
                    Object {
                        "flex": 1,
                        "flexDirection": "row",
                      }
                }
            >
                <Icon
                    allowFontScaling={false}
                    color="#ffffff"
                    name="ios-pricetag-outline"
                    size={14}
                />
                <Text
                    accessible={true}
                    allowFontScaling={true}
                    ellipsizeMode="tail"
                    style={
                        Object {
                            "color": "#ffffff",
                            "fontSize": 12,
                            "marginHorizontal": 5,
                          }
                    }
                />
            </View>
            <View
                style={
                    Object {
                        "flex": 1,
                        "flexDirection": "row",
                      }
                }
            >
                <Icon
                    allowFontScaling={false}
                    color="#ffffff"
                    name="ios-time-outline"
                    size={14}
                />
                <Text
                    accessible={true}
                    allowFontScaling={true}
                    ellipsizeMode="tail"
                    style={
                        Object {
                            "color": "#ffffff",
                            "fontSize": 12,
                            "marginHorizontal": 5,
                          }
                    }
                >
                    readingtime
                </Text>
            </View>
            <View
                style={
                    Object {
                        "flex": 1,
                        "flexDirection": "row",
                      }
                }
            >
                <Icon
                    allowFontScaling={false}
                    color="#ffffff"
                    name="ios-school"
                    size={14}
                />
                <Text
                    accessible={true}
                    allowFontScaling={true}
                    ellipsizeMode="tail"
                    style={
                        Object {
                            "color": "#ffffff",
                            "fontSize": 12,
                            "marginHorizontal": 5,
                          }
                    }
                >
                    level
                </Text>
            </View>
        </View>
    </Image>
</View>,
  "nodes": Array [
    <View
      style={
            Object {
                  "flex": 1,
                }
      }
>
      <Image
            resizeMethod="scale"
            resizeMode="cover"
            source={
                  Object {
                        "uri": "url",
                      }
            }
            style={
                  Object {
                        "flex": 1,
                        "height": 425,
                      }
            }
      >
            <LinearGradient
                  colors={
                        Array [
                              "transparent",
                              "red",
                            ]
                  }
                  style={
                        Object {
                              "flex": 1,
                              "paddingHorizontal": 10,
                            }
                  }
            >
                  <View
                        style={
                              Object {
                                    "flex": 1,
                                    "justifyContent": "flex-end",
                                  }
                        }
                  >
                        <Text
                              accessible={true}
                              allowFontScaling={true}
                              ellipsizeMode="tail"
                              style={
                                    Object {
                                          "color": "#ffffff",
                                          "fontSize": 27,
                                          "fontWeight": "500",
                                        }
                              }
                        >
                              title
                        </Text>
                  </View>
            </LinearGradient>
            <View
                  style={
                        Array [
                              Object {
                                "flexDirection": "row",
                                "justifyContent": "space-around",
                                "padding": 10,
                              },
                              Object {
                                "backgroundColor": "red",
                              },
                            ]
                  }
            >
                  <View
                        style={
                              Object {
                                    "flex": 1,
                                    "flexDirection": "row",
                                  }
                        }
                  >
                        <Icon
                              allowFontScaling={false}
                              color="#ffffff"
                              name="ios-pricetag-outline"
                              size={14}
                        />
                        <Text
                              accessible={true}
                              allowFontScaling={true}
                              ellipsizeMode="tail"
                              style={
                                    Object {
                                          "color": "#ffffff",
                                          "fontSize": 12,
                                          "marginHorizontal": 5,
                                        }
                              }
                        />
                  </View>
                  <View
                        style={
                              Object {
                                    "flex": 1,
                                    "flexDirection": "row",
                                  }
                        }
                  >
                        <Icon
                              allowFontScaling={false}
                              color="#ffffff"
                              name="ios-time-outline"
                              size={14}
                        />
                        <Text
                              accessible={true}
                              allowFontScaling={true}
                              ellipsizeMode="tail"
                              style={
                                    Object {
                                          "color": "#ffffff",
                                          "fontSize": 12,
                                          "marginHorizontal": 5,
                                        }
                              }
                        >
                              readingtime
                        </Text>
                  </View>
                  <View
                        style={
                              Object {
                                    "flex": 1,
                                    "flexDirection": "row",
                                  }
                        }
                  >
                        <Icon
                              allowFontScaling={false}
                              color="#ffffff"
                              name="ios-school"
                              size={14}
                        />
                        <Text
                              accessible={true}
                              allowFontScaling={true}
                              ellipsizeMode="tail"
                              style={
                                    Object {
                                          "color": "#ffffff",
                                          "fontSize": 12,
                                          "marginHorizontal": 5,
                                        }
                              }
                        >
                              level
                        </Text>
                  </View>
            </View>
      </Image>
</View>,
  ],
  "options": Object {},
  "renderer": ReactShallowRenderer {
    "_instance": ShallowComponentWrapper {
      "_calledComponentWillUnmount": false,
      "_compositeType": 1,
      "_context": Object {},
      "_currentElement": <CardHeader
        category=""
        color="red"
        image="url"
        level="level"
        readingTime="readingtime"
        tag="tag"
        title="title"
/>,
      "_debugID": 1,
      "_hostContainerInfo": null,
      "_hostParent": null,
      "_instance": CardHeader {
        "_reactInternalInstance": [Circular],
        "context": Object {},
        "props": Object {
          "category": "",
          "color": "red",
          "image": "url",
          "level": "level",
          "readingTime": "readingtime",
          "tag": "tag",
          "title": "title",
        },
        "refs": Object {},
        "state": null,
        "updater": Object {
          "enqueueCallback": [Function],
          "enqueueCallbackInternal": [Function],
          "enqueueElementInternal": [Function],
          "enqueueForceUpdate": [Function],
          "enqueueReplaceState": [Function],
          "enqueueSetState": [Function],
          "isMounted": [Function],
          "validateCallback": [Function],
        },
      },
      "_mountOrder": 1,
      "_pendingCallbacks": null,
      "_pendingElement": null,
      "_pendingForceUpdate": false,
      "_pendingReplaceState": false,
      "_pendingStateQueue": null,
      "_renderedComponent": NoopInternalComponent {
        "_currentElement": <View
          style={
                    Object {
                              "flex": 1,
                            }
          }
>
          <Image
                    resizeMethod="scale"
                    resizeMode="cover"
                    source={
                              Object {
                                        "uri": "url",
                                      }
                    }
                    style={
                              Object {
                                        "flex": 1,
                                        "height": 425,
                                      }
                    }
          >
                    <LinearGradient
                              colors={
                                        Array [
                                                  "transparent",
                                                  "red",
                                                ]
                              }
                              style={
                                        Object {
                                                  "flex": 1,
                                                  "paddingHorizontal": 10,
                                                }
                              }
                    >
                              <View
                                        style={
                                                  Object {
                                                            "flex": 1,
                                                            "justifyContent": "flex-end",
                                                          }
                                        }
                              >
                                        <Text
                                                  accessible={true}
                                                  allowFontScaling={true}
                                                  ellipsizeMode="tail"
                                                  style={
                                                            Object {
                                                                      "color": "#ffffff",
                                                                      "fontSize": 27,
                                                                      "fontWeight": "500",
                                                                    }
                                                  }
                                        >
                                                  title
                                        </Text>
                              </View>
                    </LinearGradient>
                    <View
                              style={
                                        Array [
                                                  Object {
                                                    "flexDirection": "row",
                                                    "justifyContent": "space-around",
                                                    "padding": 10,
                                                  },
                                                  Object {
                                                    "backgroundColor": "red",
                                                  },
                                                ]
                              }
                    >
                              <View
                                        style={
                                                  Object {
                                                            "flex": 1,
                                                            "flexDirection": "row",
                                                          }
                                        }
                              >
                                        <Icon
                                                  allowFontScaling={false}
                                                  color="#ffffff"
                                                  name="ios-pricetag-outline"
                                                  size={14}
                                        />
                                        <Text
                                                  accessible={true}
                                                  allowFontScaling={true}
                                                  ellipsizeMode="tail"
                                                  style={
                                                            Object {
                                                                      "color": "#ffffff",
                                                                      "fontSize": 12,
                                                                      "marginHorizontal": 5,
                                                                    }
                                                  }
                                        />
                              </View>
                              <View
                                        style={
                                                  Object {
                                                            "flex": 1,
                                                            "flexDirection": "row",
                                                          }
                                        }
                              >
                                        <Icon
                                                  allowFontScaling={false}
                                                  color="#ffffff"
                                                  name="ios-time-outline"
                                                  size={14}
                                        />
                                        <Text
                                                  accessible={true}
                                                  allowFontScaling={true}
                                                  ellipsizeMode="tail"
                                                  style={
                                                            Object {
                                                                      "color": "#ffffff",
                                                                      "fontSize": 12,
                                                                      "marginHorizontal": 5,
                                                                    }
                                                  }
                                        >
                                                  readingtime
                                        </Text>
                              </View>
                              <View
                                        style={
                                                  Object {
                                                            "flex": 1,
                                                            "flexDirection": "row",
                                                          }
                                        }
                              >
                                        <Icon
                                                  allowFontScaling={false}
                                                  color="#ffffff"
                                                  name="ios-school"
                                                  size={14}
                                        />
                                        <Text
                                                  accessible={true}
                                                  allowFontScaling={true}
                                                  ellipsizeMode="tail"
                                                  style={
                                                            Object {
                                                                      "color": "#ffffff",
                                                                      "fontSize": 12,
                                                                      "marginHorizontal": 5,
                                                                    }
                                                  }
                                        >
                                                  level
                                        </Text>
                              </View>
                    </View>
          </Image>
</View>,
        "_debugID": 2,
        "_renderedOutput": <View
          style={
                    Object {
                              "flex": 1,
                            }
          }
>
          <Image
                    resizeMethod="scale"
                    resizeMode="cover"
                    source={
                              Object {
                                        "uri": "url",
                                      }
                    }
                    style={
                              Object {
                                        "flex": 1,
                                        "height": 425,
                                      }
                    }
          >
                    <LinearGradient
                              colors={
                                        Array [
                                                  "transparent",
                                                  "red",
                                                ]
                              }
                              style={
                                        Object {
                                                  "flex": 1,
                                                  "paddingHorizontal": 10,
                                                }
                              }
                    >
                              <View
                                        style={
                                                  Object {
                                                            "flex": 1,
                                                            "justifyContent": "flex-end",
                                                          }
                                        }
                              >
                                        <Text
                                                  accessible={true}
                                                  allowFontScaling={true}
                                                  ellipsizeMode="tail"
                                                  style={
                                                            Object {
                                                                      "color": "#ffffff",
                                                                      "fontSize": 27,
                                                                      "fontWeight": "500",
                                                                    }
                                                  }
                                        >
                                                  title
                                        </Text>
                              </View>
                    </LinearGradient>
                    <View
                              style={
                                        Array [
                                                  Object {
                                                    "flexDirection": "row",
                                                    "justifyContent": "space-around",
                                                    "padding": 10,
                                                  },
                                                  Object {
                                                    "backgroundColor": "red",
                                                  },
                                                ]
                              }
                    >
                              <View
                                        style={
                                                  Object {
                                                            "flex": 1,
                                                            "flexDirection": "row",
                                                          }
                                        }
                              >
                                        <Icon
                                                  allowFontScaling={false}
                                                  color="#ffffff"
                                                  name="ios-pricetag-outline"
                                                  size={14}
                                        />
                                        <Text
                                                  accessible={true}
                                                  allowFontScaling={true}
                                                  ellipsizeMode="tail"
                                                  style={
                                                            Object {
                                                                      "color": "#ffffff",
                                                                      "fontSize": 12,
                                                                      "marginHorizontal": 5,
                                                                    }
                                                  }
                                        />
                              </View>
                              <View
                                        style={
                                                  Object {
                                                            "flex": 1,
                                                            "flexDirection": "row",
                                                          }
                                        }
                              >
                                        <Icon
                                                  allowFontScaling={false}
                                                  color="#ffffff"
                                                  name="ios-time-outline"
                                                  size={14}
                                        />
                                        <Text
                                                  accessible={true}
                                                  allowFontScaling={true}
                                                  ellipsizeMode="tail"
                                                  style={
                                                            Object {
                                                                      "color": "#ffffff",
                                                                      "fontSize": 12,
                                                                      "marginHorizontal": 5,
                                                                    }
                                                  }
                                        >
                                                  readingtime
                                        </Text>
                              </View>
                              <View
                                        style={
                                                  Object {
                                                            "flex": 1,
                                                            "flexDirection": "row",
                                                          }
                                        }
                              >
                                        <Icon
                                                  allowFontScaling={false}
                                                  color="#ffffff"
                                                  name="ios-school"
                                                  size={14}
                                        />
                                        <Text
                                                  accessible={true}
                                                  allowFontScaling={true}
                                                  ellipsizeMode="tail"
                                                  style={
                                                            Object {
                                                                      "color": "#ffffff",
                                                                      "fontSize": 12,
                                                                      "marginHorizontal": 5,
                                                                    }
                                                  }
                                        >
                                                  level
                                        </Text>
                              </View>
                    </View>
          </Image>
</View>,
      },
      "_renderedNodeType": 1,
      "_rootNodeID": 0,
      "_topLevelWrapper": null,
      "_updateBatchNumber": null,
      "_warnedAboutRefsInRender": false,
    },
    "getRenderOutput": [Function],
    "render": [Function],
  },
  "root": [Circular],
  "unrendered": <CardHeader
    category=""
    color="red"
    image="url"
    level="level"
    readingTime="readingtime"
    tag="tag"
    title="title"
/>,
}
`;
