// Jest Snapshot v1, https://goo.gl/fbAQLP

exports[`<CardAdsBanner /> Should have a snapshot 1`] = `
ShallowWrapper {
  "complexSelector": ComplexSelector {
    "buildPredicate": [Function],
    "childrenOfNode": [Function],
    "findWhereUnwrapped": [Function],
  },
  "length": 1,
  "node": <View
    style={
        Object {
            "backgroundColor": "#f5f5f5",
          }
    }
>
    <AdMobBanner
        adUnitID="ca-app-pub-5511910440808215/9505833480"
        bannerSize="smartBannerPortrait"
        didFailToReceiveAdWithError={[Function]}
        testDeviceID="EMULATOR"
    />
</View>,
  "nodes": Array [
    <View
      style={
            Object {
                  "backgroundColor": "#f5f5f5",
                }
      }
>
      <AdMobBanner
            adUnitID="ca-app-pub-5511910440808215/9505833480"
            bannerSize="smartBannerPortrait"
            didFailToReceiveAdWithError={[Function]}
            testDeviceID="EMULATOR"
      />
</View>,
  ],
  "options": Object {},
  "renderer": ReactShallowRenderer {
    "_instance": ShallowComponentWrapper {
      "_calledComponentWillUnmount": false,
      "_compositeType": 2,
      "_context": Object {},
      "_currentElement": <CardAdsBanner />,
      "_debugID": 1,
      "_hostContainerInfo": null,
      "_hostParent": null,
      "_instance": StatelessComponent {
        "_reactInternalInstance": [Circular],
        "context": Object {},
        "props": Object {},
        "refs": Object {},
        "state": null,
        "updater": Object {
          "enqueueCallback": [Function],
          "enqueueCallbackInternal": [Function],
          "enqueueElementInternal": [Function],
          "enqueueForceUpdate": [Function],
          "enqueueReplaceState": [Function],
          "enqueueSetState": [Function],
          "isMounted": [Function],
          "validateCallback": [Function],
        },
      },
      "_mountOrder": 1,
      "_pendingCallbacks": null,
      "_pendingElement": null,
      "_pendingForceUpdate": false,
      "_pendingReplaceState": false,
      "_pendingStateQueue": null,
      "_renderedComponent": NoopInternalComponent {
        "_currentElement": <View
          style={
                    Object {
                              "backgroundColor": "#f5f5f5",
                            }
          }
>
          <AdMobBanner
                    adUnitID="ca-app-pub-5511910440808215/9505833480"
                    bannerSize="smartBannerPortrait"
                    didFailToReceiveAdWithError={[Function]}
                    testDeviceID="EMULATOR"
          />
</View>,
        "_debugID": 2,
        "_renderedOutput": <View
          style={
                    Object {
                              "backgroundColor": "#f5f5f5",
                            }
          }
>
          <AdMobBanner
                    adUnitID="ca-app-pub-5511910440808215/9505833480"
                    bannerSize="smartBannerPortrait"
                    didFailToReceiveAdWithError={[Function]}
                    testDeviceID="EMULATOR"
          />
</View>,
      },
      "_renderedNodeType": 1,
      "_rootNodeID": 0,
      "_topLevelWrapper": null,
      "_updateBatchNumber": null,
      "_warnedAboutRefsInRender": false,
    },
    "getRenderOutput": [Function],
    "render": [Function],
  },
  "root": [Circular],
  "unrendered": <CardAdsBanner />,
}
`;
