// Jest Snapshot v1, https://goo.gl/fbAQLP

exports[`<CardBody /> Should have a snapshot 1`] = `
ShallowWrapper {
  "complexSelector": ComplexSelector {
    "buildPredicate": [Function],
    "childrenOfNode": [Function],
    "findWhereUnwrapped": [Function],
  },
  "length": 1,
  "node": <View
    style={
        Object {
            "backgroundColor": "#f5f5f5",
            "flex": 1,
            "padding": 10,
          }
    }
>
    <Text
        accessible={true}
        allowFontScaling={true}
        ellipsizeMode="tail"
        style={
            Object {
                "color": "#212121",
                "fontSize": 14,
              }
        }
    >
        Ainda assim, existem dúvidas a respeito de como a complexidade dos estudos efetuados exige a precisão e a definição dos índices pretendidos. Caros amigos, a execução dos pontos do programa apresenta tendências no sentido de aprovar a manutenção de alternativas às soluções ortodoxas. Nunca é demais lembrar o peso e o significado destes problemas, uma vez que a contínua expansão de nossa atividade não pode mais se dissociar do investimento em reciclagem técnica. No entanto, não podemos esquecer
    </Text>
    <CardAdsBanner />
    <Text
        accessible={true}
        allowFontScaling={true}
        ellipsizeMode="tail"
        style={
            Object {
                "color": "#212121",
                "fontSize": 14,
              }
        }
    >
        que a revolução dos costumes auxilia a preparação e a composição das posturas dos órgãos dirigentes com relação às suasatribuições. Do mesmo modo, o entendimento das metas propostas causa impacto indireto na reavaliação das novas proposições. A prática cotidiana prova que a estrutura atual da organização desafia a capacidade de equalização das direções preferenciais no sentido do progresso.Todavia, a necessidade de renovação processual garante a contribuição de um grupo importante na determinação dos métodos utilizados na avaliação de resultados.
    </Text>
</View>,
  "nodes": Array [
    <View
      style={
            Object {
                  "backgroundColor": "#f5f5f5",
                  "flex": 1,
                  "padding": 10,
                }
      }
>
      <Text
            accessible={true}
            allowFontScaling={true}
            ellipsizeMode="tail"
            style={
                  Object {
                        "color": "#212121",
                        "fontSize": 14,
                      }
            }
      >
            Ainda assim, existem dúvidas a respeito de como a complexidade dos estudos efetuados exige a precisão e a definição dos índices pretendidos. Caros amigos, a execução dos pontos do programa apresenta tendências no sentido de aprovar a manutenção de alternativas às soluções ortodoxas. Nunca é demais lembrar o peso e o significado destes problemas, uma vez que a contínua expansão de nossa atividade não pode mais se dissociar do investimento em reciclagem técnica. No entanto, não podemos esquecer
      </Text>
      <CardAdsBanner />
      <Text
            accessible={true}
            allowFontScaling={true}
            ellipsizeMode="tail"
            style={
                  Object {
                        "color": "#212121",
                        "fontSize": 14,
                      }
            }
      >
            que a revolução dos costumes auxilia a preparação e a composição das posturas dos órgãos dirigentes com relação às suasatribuições. Do mesmo modo, o entendimento das metas propostas causa impacto indireto na reavaliação das novas proposições. A prática cotidiana prova que a estrutura atual da organização desafia a capacidade de equalização das direções preferenciais no sentido do progresso.Todavia, a necessidade de renovação processual garante a contribuição de um grupo importante na determinação dos métodos utilizados na avaliação de resultados.
      </Text>
</View>,
  ],
  "options": Object {},
  "renderer": ReactShallowRenderer {
    "_instance": ShallowComponentWrapper {
      "_calledComponentWillUnmount": false,
      "_compositeType": 2,
      "_context": Object {},
      "_currentElement": <CardBody
        text="Ainda assim, existem dúvidas a respeito de como a complexidade dos estudos efetuados exige a precisão e a definição dos índices pretendidos. Caros amigos, a execução dos pontos do programa apresenta tendências no sentido de aprovar a manutenção de alternativas às soluções ortodoxas. Nunca é demais lembrar o peso e o significado destes problemas, uma vez que a contínua expansão de nossa atividade não pode mais se dissociar do investimento em reciclagem técnica. No entanto, não podemos esquecer que a revolução dos costumes auxilia a preparação e a composição das posturas dos órgãos dirigentes com relação às suasatribuições. Do mesmo modo, o entendimento das metas propostas causa impacto indireto na reavaliação das novas proposições. A prática cotidiana prova que a estrutura atual da organização desafia a capacidade de equalização das direções preferenciais no sentido do progresso.Todavia, a necessidade de renovação processual garante a contribuição de um grupo importante na determinação dos métodos utilizados na avaliação de resultados."
/>,
      "_debugID": 1,
      "_hostContainerInfo": null,
      "_hostParent": null,
      "_instance": StatelessComponent {
        "_reactInternalInstance": [Circular],
        "context": Object {},
        "props": Object {
          "text": "Ainda assim, existem dúvidas a respeito de como a complexidade dos estudos efetuados exige a precisão e a definição dos índices pretendidos. Caros amigos, a execução dos pontos do programa apresenta tendências no sentido de aprovar a manutenção de alternativas às soluções ortodoxas. Nunca é demais lembrar o peso e o significado destes problemas, uma vez que a contínua expansão de nossa atividade não pode mais se dissociar do investimento em reciclagem técnica. No entanto, não podemos esquecer que a revolução dos costumes auxilia a preparação e a composição das posturas dos órgãos dirigentes com relação às suasatribuições. Do mesmo modo, o entendimento das metas propostas causa impacto indireto na reavaliação das novas proposições. A prática cotidiana prova que a estrutura atual da organização desafia a capacidade de equalização das direções preferenciais no sentido do progresso.Todavia, a necessidade de renovação processual garante a contribuição de um grupo importante na determinação dos métodos utilizados na avaliação de resultados.",
        },
        "refs": Object {},
        "state": null,
        "updater": Object {
          "enqueueCallback": [Function],
          "enqueueCallbackInternal": [Function],
          "enqueueElementInternal": [Function],
          "enqueueForceUpdate": [Function],
          "enqueueReplaceState": [Function],
          "enqueueSetState": [Function],
          "isMounted": [Function],
          "validateCallback": [Function],
        },
      },
      "_mountOrder": 1,
      "_pendingCallbacks": null,
      "_pendingElement": null,
      "_pendingForceUpdate": false,
      "_pendingReplaceState": false,
      "_pendingStateQueue": null,
      "_renderedComponent": NoopInternalComponent {
        "_currentElement": <View
          style={
                    Object {
                              "backgroundColor": "#f5f5f5",
                              "flex": 1,
                              "padding": 10,
                            }
          }
>
          <Text
                    accessible={true}
                    allowFontScaling={true}
                    ellipsizeMode="tail"
                    style={
                              Object {
                                        "color": "#212121",
                                        "fontSize": 14,
                                      }
                    }
          >
                    Ainda assim, existem dúvidas a respeito de como a complexidade dos estudos efetuados exige a precisão e a definição dos índices pretendidos. Caros amigos, a execução dos pontos do programa apresenta tendências no sentido de aprovar a manutenção de alternativas às soluções ortodoxas. Nunca é demais lembrar o peso e o significado destes problemas, uma vez que a contínua expansão de nossa atividade não pode mais se dissociar do investimento em reciclagem técnica. No entanto, não podemos esquecer
          </Text>
          <CardAdsBanner />
          <Text
                    accessible={true}
                    allowFontScaling={true}
                    ellipsizeMode="tail"
                    style={
                              Object {
                                        "color": "#212121",
                                        "fontSize": 14,
                                      }
                    }
          >
                    que a revolução dos costumes auxilia a preparação e a composição das posturas dos órgãos dirigentes com relação às suasatribuições. Do mesmo modo, o entendimento das metas propostas causa impacto indireto na reavaliação das novas proposições. A prática cotidiana prova que a estrutura atual da organização desafia a capacidade de equalização das direções preferenciais no sentido do progresso.Todavia, a necessidade de renovação processual garante a contribuição de um grupo importante na determinação dos métodos utilizados na avaliação de resultados.
          </Text>
</View>,
        "_debugID": 2,
        "_renderedOutput": <View
          style={
                    Object {
                              "backgroundColor": "#f5f5f5",
                              "flex": 1,
                              "padding": 10,
                            }
          }
>
          <Text
                    accessible={true}
                    allowFontScaling={true}
                    ellipsizeMode="tail"
                    style={
                              Object {
                                        "color": "#212121",
                                        "fontSize": 14,
                                      }
                    }
          >
                    Ainda assim, existem dúvidas a respeito de como a complexidade dos estudos efetuados exige a precisão e a definição dos índices pretendidos. Caros amigos, a execução dos pontos do programa apresenta tendências no sentido de aprovar a manutenção de alternativas às soluções ortodoxas. Nunca é demais lembrar o peso e o significado destes problemas, uma vez que a contínua expansão de nossa atividade não pode mais se dissociar do investimento em reciclagem técnica. No entanto, não podemos esquecer
          </Text>
          <CardAdsBanner />
          <Text
                    accessible={true}
                    allowFontScaling={true}
                    ellipsizeMode="tail"
                    style={
                              Object {
                                        "color": "#212121",
                                        "fontSize": 14,
                                      }
                    }
          >
                    que a revolução dos costumes auxilia a preparação e a composição das posturas dos órgãos dirigentes com relação às suasatribuições. Do mesmo modo, o entendimento das metas propostas causa impacto indireto na reavaliação das novas proposições. A prática cotidiana prova que a estrutura atual da organização desafia a capacidade de equalização das direções preferenciais no sentido do progresso.Todavia, a necessidade de renovação processual garante a contribuição de um grupo importante na determinação dos métodos utilizados na avaliação de resultados.
          </Text>
</View>,
      },
      "_renderedNodeType": 1,
      "_rootNodeID": 0,
      "_topLevelWrapper": null,
      "_updateBatchNumber": null,
      "_warnedAboutRefsInRender": false,
    },
    "getRenderOutput": [Function],
    "render": [Function],
  },
  "root": [Circular],
  "unrendered": <CardBody
    text="Ainda assim, existem dúvidas a respeito de como a complexidade dos estudos efetuados exige a precisão e a definição dos índices pretendidos. Caros amigos, a execução dos pontos do programa apresenta tendências no sentido de aprovar a manutenção de alternativas às soluções ortodoxas. Nunca é demais lembrar o peso e o significado destes problemas, uma vez que a contínua expansão de nossa atividade não pode mais se dissociar do investimento em reciclagem técnica. No entanto, não podemos esquecer que a revolução dos costumes auxilia a preparação e a composição das posturas dos órgãos dirigentes com relação às suasatribuições. Do mesmo modo, o entendimento das metas propostas causa impacto indireto na reavaliação das novas proposições. A prática cotidiana prova que a estrutura atual da organização desafia a capacidade de equalização das direções preferenciais no sentido do progresso.Todavia, a necessidade de renovação processual garante a contribuição de um grupo importante na determinação dos métodos utilizados na avaliação de resultados."
/>,
}
`;
