// Jest Snapshot v1, https://goo.gl/fbAQLP

exports[`<ItemList /> Should have a snapshot 1`] = `
ShallowWrapper {
  "complexSelector": ComplexSelector {
    "buildPredicate": [Function],
    "childrenOfNode": [Function],
    "findWhereUnwrapped": [Function],
  },
  "length": 1,
  "node": <TouchableOpacity
    activeOpacity={0.2}
    focusedOpacity={0.7}
    onPress={[Function]}
    style={
        Array [
            Object {
              "alignItems": "center",
              "flex": 1,
              "height": 187,
              "justifyContent": "center",
            },
            Object {
              "backgroundColor": "COLOR",
            },
          ]
    }
>
    <Text
        accessible={true}
        allowFontScaling={true}
        ellipsizeMode="tail"
        style={
            Object {
                "color": "#ffffff",
                "fontSize": 25,
              }
        }
    >
        TITLE
    </Text>
</TouchableOpacity>,
  "nodes": Array [
    <TouchableOpacity
      activeOpacity={0.2}
      focusedOpacity={0.7}
      onPress={[Function]}
      style={
            Array [
                  Object {
                    "alignItems": "center",
                    "flex": 1,
                    "height": 187,
                    "justifyContent": "center",
                  },
                  Object {
                    "backgroundColor": "COLOR",
                  },
                ]
      }
>
      <Text
            accessible={true}
            allowFontScaling={true}
            ellipsizeMode="tail"
            style={
                  Object {
                        "color": "#ffffff",
                        "fontSize": 25,
                      }
            }
      >
            TITLE
      </Text>
</TouchableOpacity>,
  ],
  "options": Object {},
  "renderer": ReactShallowRenderer {
    "_instance": ShallowComponentWrapper {
      "_calledComponentWillUnmount": false,
      "_compositeType": 2,
      "_context": Object {},
      "_currentElement": <ItemList
        color="COLOR"
        id="ID"
        onPress={[Function]}
        title="TITLE"
/>,
      "_debugID": 1,
      "_hostContainerInfo": null,
      "_hostParent": null,
      "_instance": StatelessComponent {
        "_reactInternalInstance": [Circular],
        "context": Object {},
        "props": Object {
          "color": "COLOR",
          "id": "ID",
          "onPress": [Function],
          "title": "TITLE",
        },
        "refs": Object {},
        "state": null,
        "updater": Object {
          "enqueueCallback": [Function],
          "enqueueCallbackInternal": [Function],
          "enqueueElementInternal": [Function],
          "enqueueForceUpdate": [Function],
          "enqueueReplaceState": [Function],
          "enqueueSetState": [Function],
          "isMounted": [Function],
          "validateCallback": [Function],
        },
      },
      "_mountOrder": 1,
      "_pendingCallbacks": null,
      "_pendingElement": null,
      "_pendingForceUpdate": false,
      "_pendingReplaceState": false,
      "_pendingStateQueue": null,
      "_renderedComponent": NoopInternalComponent {
        "_currentElement": <TouchableOpacity
          activeOpacity={0.2}
          focusedOpacity={0.7}
          onPress={[Function]}
          style={
                    Array [
                              Object {
                                "alignItems": "center",
                                "flex": 1,
                                "height": 187,
                                "justifyContent": "center",
                              },
                              Object {
                                "backgroundColor": "COLOR",
                              },
                            ]
          }
>
          <Text
                    accessible={true}
                    allowFontScaling={true}
                    ellipsizeMode="tail"
                    style={
                              Object {
                                        "color": "#ffffff",
                                        "fontSize": 25,
                                      }
                    }
          >
                    TITLE
          </Text>
</TouchableOpacity>,
        "_debugID": 2,
        "_renderedOutput": <TouchableOpacity
          activeOpacity={0.2}
          focusedOpacity={0.7}
          onPress={[Function]}
          style={
                    Array [
                              Object {
                                "alignItems": "center",
                                "flex": 1,
                                "height": 187,
                                "justifyContent": "center",
                              },
                              Object {
                                "backgroundColor": "COLOR",
                              },
                            ]
          }
>
          <Text
                    accessible={true}
                    allowFontScaling={true}
                    ellipsizeMode="tail"
                    style={
                              Object {
                                        "color": "#ffffff",
                                        "fontSize": 25,
                                      }
                    }
          >
                    TITLE
          </Text>
</TouchableOpacity>,
      },
      "_renderedNodeType": 1,
      "_rootNodeID": 0,
      "_topLevelWrapper": null,
      "_updateBatchNumber": null,
      "_warnedAboutRefsInRender": false,
    },
    "getRenderOutput": [Function],
    "render": [Function],
  },
  "root": [Circular],
  "unrendered": <ItemList
    color="COLOR"
    id="ID"
    onPress={[Function]}
    title="TITLE"
/>,
}
`;
