// Jest Snapshot v1, https://goo.gl/fbAQLP

exports[`<LoadingSpinnerView /> Should have a snapshot 1`] = `
ShallowWrapper {
  "complexSelector": ComplexSelector {
    "buildPredicate": [Function],
    "childrenOfNode": [Function],
    "findWhereUnwrapped": [Function],
  },
  "length": 1,
  "node": <View
    style={
        Object {
            "flex": 1,
          }
    }
>
    <LoadingSpinner
        spinnerColor="#ffffff"
        spinnerSize="large"
        style={undefined}
    />
</View>,
  "nodes": Array [
    <View
      style={
            Object {
                  "flex": 1,
                }
      }
>
      <LoadingSpinner
            spinnerColor="#ffffff"
            spinnerSize="large"
            style={undefined}
      />
</View>,
  ],
  "options": Object {},
  "renderer": ReactShallowRenderer {
    "_instance": ShallowComponentWrapper {
      "_calledComponentWillUnmount": false,
      "_compositeType": 0,
      "_context": Object {},
      "_currentElement": <LoadingSpinnerView
        isLoading={true}
>
        <View />
</LoadingSpinnerView>,
      "_debugID": 1,
      "_hostContainerInfo": null,
      "_hostParent": null,
      "_instance": LoadingSpinnerView {
        "_reactInternalInstance": [Circular],
        "context": Object {},
        "props": Object {
          "children": <View />,
          "isLoading": true,
        },
        "refs": Object {},
        "state": null,
        "updater": Object {
          "enqueueCallback": [Function],
          "enqueueCallbackInternal": [Function],
          "enqueueElementInternal": [Function],
          "enqueueForceUpdate": [Function],
          "enqueueReplaceState": [Function],
          "enqueueSetState": [Function],
          "isMounted": [Function],
          "validateCallback": [Function],
        },
      },
      "_mountOrder": 1,
      "_pendingCallbacks": null,
      "_pendingElement": null,
      "_pendingForceUpdate": false,
      "_pendingReplaceState": false,
      "_pendingStateQueue": null,
      "_renderedComponent": NoopInternalComponent {
        "_currentElement": <View
          style={
                    Object {
                              "flex": 1,
                            }
          }
>
          <LoadingSpinner
                    spinnerColor="#ffffff"
                    spinnerSize="large"
                    style={undefined}
          />
</View>,
        "_debugID": 2,
        "_renderedOutput": <View
          style={
                    Object {
                              "flex": 1,
                            }
          }
>
          <LoadingSpinner
                    spinnerColor="#ffffff"
                    spinnerSize="large"
                    style={undefined}
          />
</View>,
      },
      "_renderedNodeType": 1,
      "_rootNodeID": 0,
      "_topLevelWrapper": null,
      "_updateBatchNumber": null,
      "_warnedAboutRefsInRender": false,
    },
    "getRenderOutput": [Function],
    "render": [Function],
  },
  "root": [Circular],
  "unrendered": <LoadingSpinnerView
    isLoading={true}
>
    <View />
</LoadingSpinnerView>,
}
`;
